../Core/Src/main.c:70:5:__io_putchar	24	static
../Core/Src/main.c:75:5:_write	32	static
../Core/Src/main.c:87:6:HAL_GPIO_EXTI_Callback	16	static
../Core/Src/main.c:92:10:get_color_pin	16	static
../Core/Src/main.c:108:6:led_set	16	static
../Core/Src/main.c:117:6:color_update	16	static
../Core/Src/main.c:126:6:all_color_update	16	static
../Core/Src/main.c:133:6:color_set	16	static
../Core/Src/main.c:137:6:color_toggle	16	static
../Core/Src/main.c:142:6:color_set_exclusive	24	static
../Core/Src/main.c:148:6:all_color_set	24	static
../Core/Src/main.c:154:6:all_color_toggle	16	static
../Core/Src/main.c:161:6:all_off	8	static
../Core/Src/main.c:171:5:main	24	static
../Core/Src/main.c:246:6:SystemClock_Config	88	static
../Core/Src/main.c:292:13:MX_USART2_UART_Init	8	static
../Core/Src/main.c:325:13:MX_GPIO_Init	56	static
../Core/Src/main.c:474:6:Error_Handler	4	static,ignoring_inline_asm
